// Jest Snapshot v1, https://goo.gl/fbAQLP

exports[`Render SmallMoviesCard 1`] = `
<article
  className="small-movie-card catalog__movies-card"
  onMouseLeave={[Function]}
  onMouseOver={[Function]}
>
  <div
    className="small-movie-card__image"
  >
    <video />
  </div>
  <h3
    className="small-movie-card__title"
  >
    <a
      className="small-movie-card__link"
      href="movie-page.html"
    >
      Наименование фильма
    </a>
  </h3>
</article>
`;
